::1 - - [23/Aug/2018:18:42:00 +0200] "GET /bp/get-hero?access-token=4ddfea13764fe7890b4c5bed441f0af7 HTTP/1.1" 200 75
::1 - - [23/Aug/2018:18:42:20 +0200] "-" 408 -
::1 - - [23/Aug/2018:18:44:45 +0200] "GET /bp/get-hero HTTP/1.1" 403 87
::1 - - [23/Aug/2018:18:45:09 +0200] "GET /bp/get-hero HTTP/1.1" 403 87
::1 - - [23/Aug/2018:18:45:53 +0200] "GET /bp/get-hero HTTP/1.1" 403 87
::1 - - [23/Aug/2018:18:50:18 +0200] "GET /bp/get-hero?access_token=4ddfea13764fe7890b4c5bed441f0af7 HTTP/1.1" 403 87
::1 - - [23/Aug/2018:18:50:27 +0200] "GET /bp/get-hero?access_token=4ddfea13764fe7890b4c5bed441f0af7 HTTP/1.1" 403 87
::1 - - [23/Aug/2018:18:50:29 +0200] "GET /bp/get-hero?access_token=4ddfea13764fe7890b4c5bed441f0af7 HTTP/1.1" 403 87
::1 - - [23/Aug/2018:18:50:29 +0200] "GET /bp/get-hero?access_token=4ddfea13764fe7890b4c5bed441f0af7 HTTP/1.1" 403 87
::1 - - [23/Aug/2018:18:50:30 +0200] "GET /bp/get-hero?access_token=4ddfea13764fe7890b4c5bed441f0af7 HTTP/1.1" 403 87
::1 - - [23/Aug/2018:18:51:25 +0200] "GET /bp/get-hero?access-token=4ddfea13764fe7890b4c5bed441f0af7 HTTP/1.1" 200 75
::1 - - [23/Aug/2018:18:51:31 +0200] "GET /bp/get-hero?access-token=4ddfea13764fe7890b4c5bed441f0af7 HTTP/1.1" 200 75
::1 - - [23/Aug/2018:18:51:32 +0200] "GET /bp/get-hero?access-token=4ddfea13764fe7890b4c5bed441f0af7 HTTP/1.1" 200 75
::1 - - [23/Aug/2018:18:55:54 +0200] "GET /api/doc HTTP/1.1" 200 5235
::1 - - [23/Aug/2018:18:56:14 +0200] "-" 408 -
::1 - - [23/Aug/2018:18:57:02 +0200] "GET /api/doc HTTP/1.1" 200 5236
::1 - - [23/Aug/2018:18:57:22 +0200] "-" 408 -
::1 - - [23/Aug/2018:19:01:15 +0200] "GET /api/doc HTTP/1.1" 200 5236
::1 - - [23/Aug/2018:19:01:35 +0200] "-" 408 -
::1 - - [23/Aug/2018:19:03:16 +0200] "GET /api/doc HTTP/1.1" 200 5243
::1 - - [23/Aug/2018:19:03:36 +0200] "-" 408 -
::1 - - [23/Aug/2018:19:04:44 +0200] "GET /api/doc HTTP/1.1" 200 5264
::1 - - [23/Aug/2018:19:05:04 +0200] "-" 408 -
::1 - - [23/Aug/2018:19:09:35 +0200] "POST /api/v1/login HTTP/1.1" 404 138599
::1 - - [23/Aug/2018:19:09:54 +0200] "GET /api/doc HTTP/1.1" 200 5268
127.0.0.1 - - [23/Aug/2018:19:10:02 +0200] "GET /api/v1/account?email=b.pawluczuk%40companion.pl&password=string HTTP/1.1" 200 36
::1 - - [23/Aug/2018:19:10:02 +0200] "POST /api/v1/authenticate HTTP/1.1" 200 74
::1 - - [24/Aug/2018:09:48:09 +0200] "GET /api/app/v1/quiz-mission/player-missions?status=active HTTP/1.1" 404 138528
::1 - - [24/Aug/2018:09:48:49 +0200] "-" 408 -
::1 - - [24/Aug/2018:09:48:51 +0200] "OPTIONS * HTTP/1.0" 200 -
::1 - - [24/Aug/2018:09:50:33 +0200] "-" 408 -
::1 - - [24/Aug/2018:09:51:42 +0200] "-" 408 -
::1 - - [24/Aug/2018:10:30:23 +0200] "-" 408 -
::1 - - [24/Aug/2018:10:30:51 +0200] "-" 408 -
::1 - - [24/Aug/2018:10:56:05 +0200] "-" 408 -
::1 - - [24/Aug/2018:13:54:42 +0200] "-" 408 -
::1 - - [24/Aug/2018:14:04:32 +0200] "-" 408 -
::1 - - [24/Aug/2018:14:16:01 +0200] "-" 408 -
::1 - - [24/Aug/2018:14:17:22 +0200] "-" 408 -
::1 - - [24/Aug/2018:14:29:26 +0200] "-" 408 -
::1 - - [24/Aug/2018:15:57:01 +0200] "-" 408 -
::1 - - [24/Aug/2018:16:00:18 +0200] "-" 408 -
::1 - - [24/Aug/2018:16:03:10 +0200] "-" 408 -
::1 - - [24/Aug/2018:16:16:38 +0200] "-" 408 -
::1 - - [24/Aug/2018:16:20:37 +0200] "-" 408 -
::1 - - [24/Aug/2018:16:21:44 +0200] "-" 408 -
::1 - - [24/Aug/2018:16:22:54 +0200] "-" 408 -
::1 - - [24/Aug/2018:16:27:03 +0200] "-" 408 -
::1 - - [25/Aug/2018:12:29:36 +0200] "GET /api/doc HTTP/1.1" 500 43520
::1 - - [25/Aug/2018:12:29:56 +0200] "-" 408 -
::1 - - [25/Aug/2018:12:30:37 +0200] "GET /api/doc HTTP/1.1" 200 5268
::1 - - [25/Aug/2018:12:30:39 +0200] "GET /bundles/nelmioapidoc/logo.png HTTP/1.1" 200 9212
::1 - - [25/Aug/2018:12:30:39 +0200] "GET /bundles/nelmioapidoc/style.css HTTP/1.1" 200 5978
::1 - - [25/Aug/2018:12:30:39 +0200] "GET /bundles/nelmioapidoc/init-swagger-ui.js HTTP/1.1" 200 644
::1 - - [25/Aug/2018:12:30:39 +0200] "GET /bundles/nelmioapidoc/swagger-ui/swagger-ui.css HTTP/1.1" 200 33837
::1 - - [25/Aug/2018:12:30:39 +0200] "GET /bundles/nelmioapidoc/swagger-ui/swagger-ui-standalone-preset.js HTTP/1.1" 200 330769
::1 - - [25/Aug/2018:12:30:39 +0200] "GET /bundles/nelmioapidoc/swagger-ui/swagger-ui-bundle.js HTTP/1.1" 200 1529625
127.0.0.1 - - [25/Aug/2018:12:30:59 +0200] "GET /api/v1/account?email=b.pawluczuk%40companion.pl&password=string HTTP/1.1" 200 36
::1 - - [25/Aug/2018:12:30:59 +0200] "POST /api/v1/authenticate HTTP/1.1" 500 86979
127.0.0.1 - - [25/Aug/2018:12:42:44 +0200] "GET /api/v1/account?email=b.pawluczuk%40companion.pl&password=string HTTP/1.1" 200 36
::1 - - [25/Aug/2018:12:42:42 +0200] "POST /api/v1/authenticate HTTP/1.1" 500 86979
127.0.0.1 - - [25/Aug/2018:12:45:17 +0200] "GET /api/v1/account?email=b.pawluczuk%40companion.pl&password=string HTTP/1.1" 200 36
::1 - - [25/Aug/2018:12:45:15 +0200] "POST /api/v1/authenticate HTTP/1.1" 200 74
::1 - - [25/Aug/2018:13:02:08 +0200] "POST /api/v1/authenticate HTTP/1.1" 200 -
::1 - - [25/Aug/2018:13:03:27 +0200] "POST /api/v1/authenticate HTTP/1.1" 200 -
::1 - - [25/Aug/2018:13:11:46 +0200] "POST /api/v1/authenticate HTTP/1.1" 500 307131
::1 - - [25/Aug/2018:13:11:58 +0200] "GET /api/doc HTTP/1.1" 500 307131
::1 - - [25/Aug/2018:13:12:18 +0200] "-" 408 -
::1 - - [25/Aug/2018:13:13:22 +0200] "GET /api/doc HTTP/1.1" 500 306582
::1 - - [25/Aug/2018:13:13:42 +0200] "-" 408 -
::1 - - [25/Aug/2018:13:13:56 +0200] "GET /api/doc HTTP/1.1" 500 306582
::1 - - [25/Aug/2018:13:14:10 +0200] "GET /api/doc HTTP/1.1" 200 5268
::1 - - [25/Aug/2018:13:14:31 +0200] "-" 408 -
::1 - - [25/Aug/2018:13:18:30 +0200] "GET /api/doc HTTP/1.1" 200 5341
::1 - - [25/Aug/2018:13:18:50 +0200] "-" 408 -
::1 - - [25/Aug/2018:13:22:13 +0200] "GET /api/doc HTTP/1.1" 200 5341
::1 - - [25/Aug/2018:13:22:33 +0200] "-" 408 -
127.0.0.1 - - [25/Aug/2018:13:22:46 +0200] "GET /api/v1/account?email=b.pawluczuk%40companion.pl&password=string HTTP/1.1" 200 36
::1 - - [25/Aug/2018:13:22:45 +0200] "POST /api/v1/pl/authenticate HTTP/1.1" 200 74
127.0.0.1 - - [25/Aug/2018:13:23:29 +0200] "GET /api/v1/account?email=b.pawluczuk%40companion.pl&password=string HTTP/1.1" 200 36
::1 - - [25/Aug/2018:13:23:29 +0200] "POST /api/v1/pl/authenticate HTTP/1.1" 200 88
127.0.0.1 - - [25/Aug/2018:13:23:34 +0200] "GET /api/v1/account?email=b.pawluczuk%40companion.pl&password=string HTTP/1.1" 200 36
::1 - - [25/Aug/2018:13:23:34 +0200] "POST /api/v1/en/authenticate HTTP/1.1" 200 88
127.0.0.1 - - [25/Aug/2018:13:31:36 +0200] "GET /api/v1/account?email=b.pawluczuk%40companion.pl&password=string HTTP/1.1" 200 36
::1 - - [25/Aug/2018:13:31:34 +0200] "POST /api/v1/en/authenticate HTTP/1.1" 200 111
127.0.0.1 - - [25/Aug/2018:13:31:43 +0200] "GET /api/v1/account?email=b.pawluczuk%40companion.pl&password=string HTTP/1.1" 200 36
::1 - - [25/Aug/2018:13:31:43 +0200] "POST /api/v1/pl/authenticate HTTP/1.1" 200 121
::1 - - [25/Aug/2018:13:43:32 +0200] "GET /api/doc HTTP/1.1" 200 5477
::1 - - [25/Aug/2018:13:43:52 +0200] "-" 408 -
::1 - - [25/Aug/2018:13:46:38 +0200] "POST /api/v1/pl/authenticate HTTP/1.1" 500 101569
127.0.0.1 - - [25/Aug/2018:13:47:00 +0200] "GET /api/v1/account?email=b.pawluczuk%40companion.pl&password=string HTTP/1.1" 404 138556
::1 - - [25/Aug/2018:13:47:00 +0200] "POST /api/v1/pl/authenticate HTTP/1.1" 404 64
127.0.0.1 - - [25/Aug/2018:13:47:50 +0200] "GET /api/v1/account?_locale=pl&email=b.pawluczuk%40companion.pl&password=string HTTP/1.1" 404 138556
::1 - - [25/Aug/2018:13:47:50 +0200] "POST /api/v1/pl/authenticate HTTP/1.1" 404 64
127.0.0.1 - - [25/Aug/2018:13:47:54 +0200] "GET /api/v1/account?_locale=pl&email=b.pawluczuk%40companion.pl&password=string HTTP/1.1" 404 138556
::1 - - [25/Aug/2018:13:47:54 +0200] "POST /api/v1/pl/authenticate HTTP/1.1" 404 64
127.0.0.1 - - [25/Aug/2018:13:50:57 +0200] "GET /api/v1/%7B_locale%7D/account?_locale=pl&email=b.pawluczuk%40companion.pl&password=string HTTP/1.1" 200 36
::1 - - [25/Aug/2018:13:50:56 +0200] "POST /api/v1/pl/authenticate HTTP/1.1" 200 121
::1 - - [25/Aug/2018:13:53:22 +0200] "GET /api/doc HTTP/1.1" 200 5520
::1 - - [25/Aug/2018:13:53:42 +0200] "-" 408 -
::1 - - [25/Aug/2018:13:55:02 +0200] "GET /api/doc HTTP/1.1" 500 455880
::1 - - [25/Aug/2018:13:55:21 +0200] "GET /api/doc HTTP/1.1" 200 5520
::1 - - [25/Aug/2018:13:55:41 +0200] "-" 408 -
::1 - - [25/Aug/2018:13:58:49 +0200] "GET /api/doc HTTP/1.1" 200 5557
::1 - - [25/Aug/2018:13:59:09 +0200] "-" 408 -
127.0.0.1 - - [25/Aug/2018:14:00:21 +0200] "GET /api/v1/%7B_locale%7D/account?_locale=pl&email=string&password=string HTTP/1.1" 404 70
::1 - - [25/Aug/2018:14:00:21 +0200] "POST /api/v1/pl/authenticate HTTP/1.1" 404 64
::1 - - [25/Aug/2018:14:03:23 +0200] "GET /api/doc HTTP/1.1" 200 5520
::1 - - [25/Aug/2018:14:03:43 +0200] "-" 408 -
::1 - - [25/Aug/2018:14:05:40 +0200] "GET /api/doc HTTP/1.1" 200 5576
127.0.0.1 - - [25/Aug/2018:14:05:57 +0200] "GET /api/v1/%7B_locale%7D/account?_locale=pl&email=b.pawluczuk%40companion.pl&password=qazwsx HTTP/1.1" 200 36
::1 - - [25/Aug/2018:14:05:57 +0200] "POST /api/v1/pl/authenticate HTTP/1.1" 200 121
::1 - - [25/Aug/2018:14:11:22 +0200] "GET /api/doc HTTP/1.1" 200 5503
::1 - - [25/Aug/2018:14:11:42 +0200] "-" 408 -
::1 - - [25/Aug/2018:14:12:23 +0200] "GET /api/doc HTTP/1.1" 200 5460
::1 - - [25/Aug/2018:14:12:43 +0200] "-" 408 -
::1 - - [25/Aug/2018:14:35:33 +0200] "GET /api/doc HTTP/1.1" 200 5487
::1 - - [25/Aug/2018:15:27:06 +0200] "GET /api/doc HTTP/1.1" 200 5487
::1 - - [25/Aug/2018:15:27:26 +0200] "-" 408 -
::1 - - [25/Aug/2018:15:27:53 +0200] "POST /api/v1/account HTTP/1.1" 500 75061
::1 - - [25/Aug/2018:15:31:33 +0200] "POST /api/v1/account HTTP/1.1" 200 -
::1 - - [25/Aug/2018:15:38:20 +0200] "POST /api/v1/account HTTP/1.1" 500 79671
::1 - - [25/Aug/2018:15:39:13 +0200] "GET /api/doc HTTP/1.1" 200 5487
::1 - - [25/Aug/2018:15:39:33 +0200] "-" 408 -
::1 - - [25/Aug/2018:15:39:45 +0200] "POST /api/v1/account HTTP/1.1" 200 38
127.0.0.1 - - [25/Aug/2018:15:40:37 +0200] "GET /api/v1/%7B_locale%7D/account?_locale=pl&email=b.pawluczuk%40companion.pl&password=qazwsx HTTP/1.1" 200 36
::1 - - [25/Aug/2018:15:40:37 +0200] "POST /api/v1/authenticate HTTP/1.1" 500 100204
::1 - - [25/Aug/2018:15:42:28 +0200] "GET /api/v1/pl/account?email=b.pawluczuk%40companion.pl HTTP/1.1" 200 36
127.0.0.1 - - [25/Aug/2018:15:43:03 +0200] "GET /api/v1/%7B_locale%7D/account?_locale=pl&email=b.pawluczuk%40companion.pl&password=qazwsx HTTP/1.1" 200 36
::1 - - [25/Aug/2018:15:43:03 +0200] "POST /api/v1/authenticate HTTP/1.1" 500 100204
127.0.0.1 - - [25/Aug/2018:15:44:26 +0200] "GET /api/v1/%7B_locale%7D/account?_locale=pl&email=b.pawluczuk%40companion.pl&password=qazwsx HTTP/1.1" 200 36
::1 - - [25/Aug/2018:15:44:09 +0200] "POST /api/v1/authenticate HTTP/1.1" 200 -
127.0.0.1 - - [25/Aug/2018:15:45:21 +0200] "GET /api/v1/%7B_locale%7D/account?_locale=pl&email=b.pawluczuk%40companion.pl&password=qazwsx HTTP/1.1" 200 36
::1 - - [25/Aug/2018:15:45:10 +0200] "POST /api/v1/authenticate HTTP/1.1" 500 100204
127.0.0.1 - - [25/Aug/2018:15:51:33 +0200] "GET /api/v1/%7B_locale%7D/account?_locale=pl&email=b.pawluczuk%40companion.pl&password=qazwsx HTTP/1.1" 200 36
::1 - - [25/Aug/2018:15:50:52 +0200] "POST /api/v1/authenticate HTTP/1.1" 200 -
127.0.0.1 - - [25/Aug/2018:15:55:29 +0200] "GET /api/v1/%7B_locale%7D/account?_locale=pl&email=b.pawluczuk%40companion.pl&password=qazwsx HTTP/1.1" 200 36
::1 - - [25/Aug/2018:15:54:49 +0200] "POST /api/v1/authenticate HTTP/1.1" 200 -
127.0.0.1 - - [25/Aug/2018:16:03:15 +0200] "GET /api/v1/%7B_locale%7D/account?_locale=pl&email=b.pawluczuk%40companion.pl&password=qazwsx HTTP/1.1" 200 36
::1 - - [25/Aug/2018:16:02:39 +0200] "POST /api/v1/authenticate HTTP/1.1" 500 81382
127.0.0.1 - - [25/Aug/2018:16:04:12 +0200] "GET /api/v1/%7B_locale%7D/account?_locale=pl&email=b.pawluczuk%40companion.pl&password=qazwsx HTTP/1.1" 200 36
::1 - - [25/Aug/2018:16:04:07 +0200] "POST /api/v1/authenticate HTTP/1.1" 200 -
127.0.0.1 - - [25/Aug/2018:16:06:03 +0200] "GET /api/v1/%7B_locale%7D/account?_locale=pl&email=b.pawluczuk%40companion.pl&password=qazwsx HTTP/1.1" 200 36
::1 - - [25/Aug/2018:16:05:26 +0200] "POST /api/v1/authenticate HTTP/1.1" 200 -
127.0.0.1 - - [25/Aug/2018:16:09:29 +0200] "GET /api/v1/%7B_locale%7D/account?_locale=pl&email=b.pawluczuk%40companion.pl&password=qazwsx HTTP/1.1" 200 36
::1 - - [25/Aug/2018:16:08:47 +0200] "POST /api/v1/authenticate HTTP/1.1" 200 -
127.0.0.1 - - [25/Aug/2018:16:10:22 +0200] "GET /api/v1/%7B_locale%7D/account?_locale=pl&email=b.pawluczuk%40companion.pl&password=qazwsx HTTP/1.1" 200 36
::1 - - [25/Aug/2018:16:10:18 +0200] "POST /api/v1/authenticate HTTP/1.1" 500 80950
127.0.0.1 - - [25/Aug/2018:16:10:54 +0200] "GET /api/v1/%7B_locale%7D/account?_locale=pl&email=b.pawluczuk%40companion.pl&password=qazwsx HTTP/1.1" 200 36
::1 - - [25/Aug/2018:16:10:47 +0200] "POST /api/v1/authenticate HTTP/1.1" 500 80197
127.0.0.1 - - [25/Aug/2018:16:12:58 +0200] "GET /api/v1/%7B_locale%7D/account?_locale=pl&email=b.pawluczuk%40companion.pl&password=qazwsx HTTP/1.1" 200 36
::1 - - [25/Aug/2018:16:12:53 +0200] "POST /api/v1/authenticate HTTP/1.1" 200 -
127.0.0.1 - - [25/Aug/2018:16:13:35 +0200] "GET /api/v1/%7B_locale%7D/account?_locale=pl&email=b.pawluczuk%40companion.pl&password=qazwsx HTTP/1.1" 200 36
::1 - - [25/Aug/2018:16:13:35 +0200] "POST /api/v1/authenticate HTTP/1.1" 200 -
::1 - - [25/Aug/2018:16:16:04 +0200] "-" 408 -
::1 - - [25/Aug/2018:16:15:44 +0200] "GET /api/doc HTTP/1.1" 200 5560
127.0.0.1 - - [25/Aug/2018:16:16:30 +0200] "GET /api/v1/%7B_locale%7D/account?_locale=pl&email=b.pawluczuk%40companion.pl&password=qazwsx HTTP/1.1" 200 36
::1 - - [25/Aug/2018:16:16:30 +0200] "POST /api/v1/pl/authenticate HTTP/1.1" 200 -
::1 - - [25/Aug/2018:16:32:05 +0200] "-" 408 -
::1 - - [25/Aug/2018:16:31:45 +0200] "GET /api/doc HTTP/1.1" 200 5394
::1 - - [25/Aug/2018:16:35:08 +0200] "GET /api/doc HTTP/1.1" 200 3714
::1 - - [25/Aug/2018:16:35:25 +0200] "GET /pl/api/doc HTTP/1.1" 404 138540
::1 - - [25/Aug/2018:16:35:45 +0200] "-" 408 -
::1 - - [25/Aug/2018:16:36:13 +0200] "GET /pl/api/doc HTTP/1.1" 200 3714
::1 - - [25/Aug/2018:16:36:33 +0200] "-" 408 -
::1 - - [25/Aug/2018:16:37:02 +0200] "GET /api/doc HTTP/1.1" 200 5657
::1 - - [25/Aug/2018:16:37:22 +0200] "-" 408 -
127.0.0.1 - - [25/Aug/2018:16:39:14 +0200] "GET /api/v1/%7B_locale%7D/account?_locale=pl&email=b.pawluczuk%40companion.pl&password=qazwsx HTTP/1.1" 404 138612
::1 - - [25/Aug/2018:16:39:14 +0200] "POST /api/pl/v1/authenticate HTTP/1.1" 404 64
127.0.0.1 - - [25/Aug/2018:16:59:33 +0200] "GET /api/v1/%7B_locale%7D/account?_locale=pl&email=b.pawluczuk%40companion.pl&password=qazwsx HTTP/1.1" 404 138612
::1 - - [25/Aug/2018:16:59:31 +0200] "POST /api/pl/v1/authenticate HTTP/1.1" 404 64
127.0.0.1 - - [25/Aug/2018:17:01:59 +0200] "GET /api/v1/%7B_locale%7D/account?_locale=pl&email=b.pawluczuk%40companion.pl&password=qazwsx HTTP/1.1" 404 138612
::1 - - [25/Aug/2018:17:01:36 +0200] "POST /api/pl/v1/authenticate HTTP/1.1" 200 -
127.0.0.1 - - [25/Aug/2018:17:03:45 +0200] "GET /api/%7B_locale%7D/v1/account?_locale=pl&email=b.pawluczuk%40companion.pl&password=qazwsx HTTP/1.1" 404 138612
::1 - - [25/Aug/2018:17:03:38 +0200] "POST /api/pl/v1/authenticate HTTP/1.1" 404 64
::1 - - [25/Aug/2018:17:04:56 +0200] "GET /api/pl/v1/account?email=b.pawluczuk%40companion.pl HTTP/1.1" 200 36
127.0.0.1 - - [25/Aug/2018:17:06:17 +0200] "GET /api/pl/v1/account?_locale=pl&email=b.pawluczuk%40companion.pl&password=qazwsx HTTP/1.1" 200 36
::1 - - [25/Aug/2018:17:06:10 +0200] "POST /api/pl/v1/authenticate HTTP/1.1" 200 -
::1 - - [25/Aug/2018:17:09:55 +0200] "POST /api/pl/v1/authenticate HTTP/1.1" 200 -
127.0.0.1 - - [25/Aug/2018:17:17:11 +0200] "GET /api/pl/v1/account?_locale=pl&email=b.pawluczuk%40companion.pl&password=qazwsx HTTP/1.1" 200 51
::1 - - [25/Aug/2018:17:17:09 +0200] "POST /api/pl/v1/authenticate HTTP/1.1" 200 89
::1 - - [25/Aug/2018:17:20:51 +0200] "GET /api/doc HTTP/1.1" 200 5867
::1 - - [25/Aug/2018:17:20:52 +0200] "GET /bundles/nelmioapidoc/style.css HTTP/1.1" 200 5978
::1 - - [25/Aug/2018:17:20:52 +0200] "GET /bundles/nelmioapidoc/swagger-ui/swagger-ui.css HTTP/1.1" 200 33837
::1 - - [25/Aug/2018:17:20:52 +0200] "GET /bundles/nelmioapidoc/logo.png HTTP/1.1" 200 9212
::1 - - [25/Aug/2018:17:20:52 +0200] "GET /bundles/nelmioapidoc/init-swagger-ui.js HTTP/1.1" 200 644
::1 - - [25/Aug/2018:17:20:52 +0200] "GET /bundles/nelmioapidoc/swagger-ui/swagger-ui-standalone-preset.js HTTP/1.1" 200 330769
::1 - - [25/Aug/2018:17:20:52 +0200] "GET /bundles/nelmioapidoc/swagger-ui/swagger-ui-bundle.js HTTP/1.1" 200 1529625
::1 - - [25/Aug/2018:17:22:15 +0200] "GET /api/doc HTTP/1.1" 200 5867
::1 - - [25/Aug/2018:17:22:35 +0200] "-" 408 -
::1 - - [25/Aug/2018:17:26:43 +0200] "GET /api/doc HTTP/1.1" 200 5867
::1 - - [25/Aug/2018:17:27:03 +0200] "-" 408 -
::1 - - [25/Aug/2018:17:30:12 +0200] "GET /api/doc HTTP/1.1" 200 5744
::1 - - [25/Aug/2018:17:30:32 +0200] "-" 408 -
::1 - - [25/Aug/2018:17:34:43 +0200] "POST /api/en/v1/account HTTP/1.1" 200 51
::1 - - [25/Aug/2018:18:05:25 +0200] "POST /api/en/v1/account HTTP/1.1" 200 51
::1 - - [25/Aug/2018:18:05:38 +0200] "POST /api/en/v1/account HTTP/1.1" 500 244975
::1 - - [25/Aug/2018:18:54:54 +0200] "POST /api/en/v1/account HTTP/1.1" 500 27263
::1 - - [25/Aug/2018:18:57:40 +0200] "POST /api/en/v1/account HTTP/1.1" 200 51
::1 - - [25/Aug/2018:18:58:08 +0200] "GET /api/en/v1/account?email=john4.smith%40onet.pl HTTP/1.1" 200 51
127.0.0.1 - - [25/Aug/2018:18:58:31 +0200] "GET /api/pl/v1/account?_locale=pl&email=b.pawluczuk%40companion.pl&password=qazwsx HTTP/1.1" 200 51
::1 - - [25/Aug/2018:18:58:31 +0200] "POST /api/pl/v1/authenticate HTTP/1.1" 200 89
127.0.0.1 - - [25/Aug/2018:18:58:48 +0200] "GET /api/pl/v1/account?_locale=pl&email=john4.smith%40onet.pl&password=qazwsx HTTP/1.1" 200 51
::1 - - [25/Aug/2018:18:58:48 +0200] "POST /api/pl/v1/authenticate HTTP/1.1" 200 89
::1 - - [25/Aug/2018:19:12:13 +0200] "GET /api/en/v1/account?email=john4.smith%40onet.pl HTTP/1.1" 200 51
::1 - - [25/Aug/2018:19:16:04 +0200] "POST /api/en/v1/account HTTP/1.1" 200 -
::1 - - [25/Aug/2018:19:16:21 +0200] "POST /api/pl/v1/authenticate HTTP/1.1" 500 137211
127.0.0.1 - - [25/Aug/2018:19:18:30 +0200] "GET /api/pl/v1/account?_locale=pl&email=john4.smith%40onet.pl&password=qazwsx HTTP/1.1" 200 51
127.0.0.1 - - [25/Aug/2018:20:34:47 +0200] "GET /api/pl/v1/account?_locale=pl&email=john4.smith%40onet.pl&password=qazwsx HTTP/1.1" 200 51
127.0.0.1 - - [25/Aug/2018:20:34:50 +0200] "GET /api/pl/v1/account?_locale=pl&email=john4.smith%40onet.pl&password=qazwsx HTTP/1.1" 200 51
::1 - - [25/Aug/2018:20:34:42 +0200] "POST /api/pl/v1/authenticate HTTP/1.1" 200 -
127.0.0.1 - - [25/Aug/2018:20:43:14 +0200] "GET /api/pl/v1/account?_locale=pl&email=john4.smith%40onet.pl&password=qazwsx HTTP/1.1" 200 51
127.0.0.1 - - [25/Aug/2018:20:43:20 +0200] "GET /api/pl/v1/account?_locale=pl&email=john4.smith%40onet.pl&password=qazwsx HTTP/1.1" 200 51
::1 - - [25/Aug/2018:20:43:13 +0200] "POST /api/pl/v1/authenticate HTTP/1.1" 500 79394
127.0.0.1 - - [25/Aug/2018:20:46:31 +0200] "GET /api/pl/v1/account?_locale=pl&email=john4.smith%40onet.pl&password=qazwsx HTTP/1.1" 200 51
127.0.0.1 - - [25/Aug/2018:20:46:36 +0200] "GET /api/pl/v1/account?_locale=pl&email=john4.smith%40onet.pl&password=qazwsx HTTP/1.1" 200 51
::1 - - [25/Aug/2018:20:46:30 +0200] "POST /api/pl/v1/authenticate HTTP/1.1" 200 -
127.0.0.1 - - [25/Aug/2018:20:47:16 +0200] "GET /api/pl/v1/account?_locale=pl&email=john4.smith%40onet.pl&password=qazwsx HTTP/1.1" 200 51
127.0.0.1 - - [25/Aug/2018:20:47:24 +0200] "GET /api/pl/v1/account?_locale=pl&email=john4.smith%40onet.pl&password=qazwsx HTTP/1.1" 200 51
::1 - - [25/Aug/2018:20:47:15 +0200] "POST /api/pl/v1/authenticate HTTP/1.1" 200 -
127.0.0.1 - - [25/Aug/2018:20:53:21 +0200] "GET /api/pl/v1/account?_locale=pl&email=john4.smith%40onet.pl&password=qazwsx HTTP/1.1" 200 51
127.0.0.1 - - [25/Aug/2018:20:53:34 +0200] "GET /api/pl/v1/account?_locale=pl&email=john4.smith%40onet.pl&password=qazwsx HTTP/1.1" 200 51
::1 - - [25/Aug/2018:20:53:20 +0200] "POST /api/pl/v1/authenticate HTTP/1.1" 200 -
127.0.0.1 - - [25/Aug/2018:21:03:08 +0200] "GET /api/pl/v1/account?_locale=pl&email=john4.smith%40onet.pl&password=qazwsx HTTP/1.1" 200 51
::1 - - [25/Aug/2018:21:03:07 +0200] "POST /api/pl/v1/authenticate HTTP/1.1" 200 89
::1 - - [27/Aug/2018:18:09:48 +0200] "GET /bp/get-hero?access-token=4ddfea13764fe7890b4c5bed441f0af7 HTTP/1.1" 403 87
::1 - - [27/Aug/2018:18:16:30 +0200] "GET /bp/get-hero?access-token=4ddfea13764fe7890b4c5bed441f0af7 HTTP/1.1" 403 87
::1 - - [27/Aug/2018:18:19:08 +0200] "GET /bp/get-hero?access-token=4ddfea13764fe7890b4c5bed441f0af7 HTTP/1.1" 403 87
::1 - - [27/Aug/2018:18:36:06 +0200] "GET /bp/get-hero?access-token=4ddfea13764fe7890b4c5bed441f0af7 HTTP/1.1" 403 87
::1 - - [27/Aug/2018:18:36:45 +0200] "GET /bp/get-hero?access-token=4ddfea13764fe7890b4c5bed441f0af7 HTTP/1.1" 403 87
::1 - - [27/Aug/2018:18:58:46 +0200] "GET /bp/get-hero?access-token=4ddfea13764fe7890b4c5bed441f0af7 HTTP/1.1" 403 87
::1 - - [27/Aug/2018:19:01:21 +0200] "GET /bp/get-hero?access-token=4ddfea13764fe7890b4c5bed441f0af7 HTTP/1.1" 403 87
::1 - - [27/Aug/2018:19:07:44 +0200] "GET /bp/get-hero?access-token=4ddfea13764fe7890b4c5bed441f0af7 HTTP/1.1" 403 87
::1 - - [27/Aug/2018:19:07:51 +0200] "GET /bp/get-hero?access-token=4ddfea13764fe7890b4c5bed441f0af7 HTTP/1.1" 403 87
::1 - - [27/Aug/2018:19:08:17 +0200] "GET /bp/get-hero?access-token=4ddfea13764fe7890b4c5bed441f0af7 HTTP/1.1" 403 87
::1 - - [27/Aug/2018:19:24:45 +0200] "GET /bp/get-hero?access-token=4ddfea13764fe7890b4c5bed441f0af7 HTTP/1.1" 403 87
::1 - - [27/Aug/2018:19:25:19 +0200] "GET /bp/get-hero?access-token=4ddfea13764fe7890b4c5bed441f0af7 HTTP/1.1" 403 87
::1 - - [27/Aug/2018:19:25:27 +0200] "GET /bp/get-hero?access-token=4ddfea13764fe7890b4c5bed441f0af7 HTTP/1.1" 403 87
::1 - - [27/Aug/2018:19:26:42 +0200] "GET /bp/get-hero?access-token=4ddfea13764fe7890b4c5bed441f0af7 HTTP/1.1" 403 87
::1 - - [27/Aug/2018:19:27:08 +0200] "GET /bp/get-hero?access-token=4ddfea13764fe7890b4c5bed441f0af7 HTTP/1.1" 403 87
::1 - - [27/Aug/2018:19:28:33 +0200] "GET /bp/get-hero?access-token=4ddfea13764fe7890b4c5bed441f0af7 HTTP/1.1" 403 87
::1 - - [27/Aug/2018:19:32:12 +0200] "GET /bp/get-hero?access-token=4ddfea13764fe7890b4c5bed441f0af7 HTTP/1.1" 403 87
::1 - - [27/Aug/2018:19:32:19 +0200] "GET /bp/get-hero?access-token=4ddfea13764fe7890b4c5bed441f0af7 HTTP/1.1" 403 87
::1 - - [27/Aug/2018:19:41:29 +0200] "GET /bp/get-hero?access-token=4ddfea13764fe7890b4c5bed441f0af7 HTTP/1.1" 403 87
::1 - - [27/Aug/2018:19:41:40 +0200] "GET /bp/get-hero?access-token=4ddfea13764fe7890b4c5bed441f0af7 HTTP/1.1" 403 87
::1 - - [27/Aug/2018:19:42:26 +0200] "GET /bp/get-hero?access-token=4ddfea13764fe7890b4c5bed441f0af7 HTTP/1.1" 403 87
::1 - - [27/Aug/2018:19:43:32 +0200] "GET /bp/get-hero?access-token=4ddfea13764fe7890b4c5bed441f0af7 HTTP/1.1" 403 87
::1 - - [28/Aug/2018:09:09:57 +0200] "GET / HTTP/1.1" 404 4751
::1 - - [28/Aug/2018:09:10:01 +0200] "GET /api/doc HTTP/1.1" 200 5744
::1 - - [28/Aug/2018:09:10:03 +0200] "GET /bundles/nelmioapidoc/swagger-ui/swagger-ui.css HTTP/1.1" 304 -
::1 - - [28/Aug/2018:09:10:03 +0200] "GET /bundles/nelmioapidoc/style.css HTTP/1.1" 304 -
::1 - - [28/Aug/2018:09:10:03 +0200] "GET /bundles/nelmioapidoc/logo.png HTTP/1.1" 200 9212
::1 - - [28/Aug/2018:09:10:03 +0200] "GET /bundles/nelmioapidoc/init-swagger-ui.js HTTP/1.1" 200 644
::1 - - [28/Aug/2018:09:10:03 +0200] "GET /bundles/nelmioapidoc/swagger-ui/swagger-ui-standalone-preset.js HTTP/1.1" 200 330769
::1 - - [28/Aug/2018:09:10:03 +0200] "GET /bundles/nelmioapidoc/swagger-ui/swagger-ui-bundle.js HTTP/1.1" 200 1529625
::1 - - [28/Aug/2018:09:10:11 +0200] "OPTIONS * HTTP/1.0" 200 -
::1 - - [28/Aug/2018:09:11:38 +0200] "GET /bp/get-hero?access-token=4ddfea13764fe7890b4c5bed441f0af7 HTTP/1.1" 403 87
127.0.0.1 - - [28/Aug/2018:09:12:16 +0200] "GET /api/pl/v1/account?_locale=pl&email=b.pawluczuk%40companion.pl&password=qazwsx HTTP/1.1" 200 51
::1 - - [28/Aug/2018:09:12:15 +0200] "POST /api/pl/v1/authenticate HTTP/1.1" 200 89
::1 - - [28/Aug/2018:09:12:49 +0200] "GET /bp/get-hero?access-token=d2a4b8ebe785687b2b02ed9d515be9af HTTP/1.1" 200 75
::1 - - [28/Aug/2018:09:34:35 +0200] "GET /bp/get-hero?access-token=d2a4b8ebe785687b2b02ed9d515be9af HTTP/1.1" 200 75
::1 - - [28/Aug/2018:09:35:48 +0200] "GET /bp/get-hero?access-token=d2a4b8ebe785687b2b02ed9d515be9af HTTP/1.1" 200 75
::1 - - [28/Aug/2018:09:36:47 +0200] "GET /bp/get-hero?access-token=d2a4b8ebe785687b2b02ed9d515be9af HTTP/1.1" 200 75
::1 - - [28/Aug/2018:09:37:33 +0200] "GET /bp/get-hero?access-token=d2a4b8ebe785687b2b02ed9d515be9af HTTP/1.1" 200 75
::1 - - [28/Aug/2018:09:37:43 +0200] "GET /bp/get-hero?access-token=d2a4b8ebe785687b2b02ed9d515be9af HTTP/1.1" 200 75
::1 - - [28/Aug/2018:09:38:06 +0200] "GET /bp/get-hero?access-token=d2a4b8ebe785687b2b02ed9d515be9af HTTP/1.1" 200 75
::1 - - [28/Aug/2018:09:39:55 +0200] "OPTIONS /api/pl/v1/authenticate HTTP/1.1" 405 139292
::1 - - [28/Aug/2018:09:41:59 +0200] "GET /bp/get-hero?access-token=d2a4b8ebe785687b2b02ed9d515be9af HTTP/1.1" 200 75
::1 - - [28/Aug/2018:09:42:10 +0200] "OPTIONS /api/pl/v1/authenticate HTTP/1.1" 405 139292
::1 - - [28/Aug/2018:09:44:08 +0200] "OPTIONS /api/pl/v1/authenticate HTTP/1.1" 405 139292
127.0.0.1 - - [28/Aug/2018:09:45:13 +0200] "GET /api/pl/v1/account?_locale=pl&email=b.pawluczuk%40companion.pl&password=qazwsx HTTP/1.1" 200 51
127.0.0.1 - - [28/Aug/2018:09:54:40 +0200] "GET /api/pl/v1/account?_locale=pl&email=b.pawluczuk%40companion.pl&password=qazwsx HTTP/1.1" 200 51
::1 - - [28/Aug/2018:09:54:38 +0200] "POST /api/pl/v1/authenticate HTTP/1.1" 200 -
127.0.0.1 - - [28/Aug/2018:09:55:07 +0200] "GET /api/pl/v1/account?_locale=pl&email=b.pawluczuk%40companion.pl&password=qazwsx HTTP/1.1" 200 51
::1 - - [28/Aug/2018:09:55:07 +0200] "POST /api/pl/v1/authenticate HTTP/1.1" 200 89
::1 - - [28/Aug/2018:09:55:17 +0200] "OPTIONS /api/pl/v1/authenticate HTTP/1.1" 405 139292
127.0.0.1 - - [28/Aug/2018:09:56:29 +0200] "GET /api/pl/v1/account?_locale=pl&email=b.pawluczuk%40companion.pl&password=qazwsx HTTP/1.1" 200 51
::1 - - [28/Aug/2018:09:56:29 +0200] "POST /api/pl/v1/authenticate HTTP/1.1" 200 89
::1 - - [28/Aug/2018:09:56:38 +0200] "OPTIONS /api/pl/v1/authenticate HTTP/1.1" 405 139292
127.0.0.1 - - [28/Aug/2018:10:01:49 +0200] "GET /api/pl/v1/account?_locale=pl&email=b.pawluczuk%40companion.pl&password=qazwsx HTTP/1.1" 200 51
::1 - - [28/Aug/2018:10:01:49 +0200] "POST /api/pl/v1/authenticate HTTP/1.1" 200 89
127.0.0.1 - - [28/Aug/2018:10:02:25 +0200] "GET /api/pl/v1/account?_locale=pl&email=b.pawluczuk%40companion.pl&password=qazwsx HTTP/1.1" 200 51
::1 - - [28/Aug/2018:10:02:25 +0200] "POST /api/pl/v1/authenticate HTTP/1.1" 200 89
::1 - - [28/Aug/2018:10:02:33 +0200] "OPTIONS /api/pl/v1/authenticate HTTP/1.1" 405 139292
::1 - - [28/Aug/2018:10:03:49 +0200] "OPTIONS /api/pl/v1/authenticate HTTP/1.1" 405 139292
127.0.0.1 - - [28/Aug/2018:10:07:55 +0200] "GET /api/pl/v1/account?_locale=pl&email=b.pawluczuk%40companion.pl&password=qazwsx HTTP/1.1" 200 51
::1 - - [28/Aug/2018:10:07:55 +0200] "POST /api/pl/v1/authenticate HTTP/1.1" 200 89
::1 - - [28/Aug/2018:10:08:02 +0200] "OPTIONS /api/pl/v1/authenticate HTTP/1.1" 405 139292
::1 - - [28/Aug/2018:10:08:13 +0200] "OPTIONS /api/pl/v1/authenticate HTTP/1.1" 405 139292
127.0.0.1 - - [28/Aug/2018:10:13:26 +0200] "GET /api/pl/v1/account?_locale=pl&email=b.pawluczuk%40companion.pl&password=qazwsx HTTP/1.1" 200 51
::1 - - [28/Aug/2018:10:13:26 +0200] "POST /api/pl/v1/authenticate HTTP/1.1" 200 89
::1 - - [28/Aug/2018:10:13:30 +0200] "OPTIONS /api/pl/v1/authenticate HTTP/1.1" 405 139292
127.0.0.1 - - [28/Aug/2018:10:15:59 +0200] "GET /api/pl/v1/account?_locale=pl&email=b.pawluczuk%40companion.pl&password=qazwsx HTTP/1.1" 200 51
::1 - - [28/Aug/2018:10:15:59 +0200] "POST /api/pl/v1/authenticate HTTP/1.1" 200 89
::1 - - [28/Aug/2018:10:16:04 +0200] "OPTIONS /api/pl/v1/authenticate HTTP/1.1" 200 507
127.0.0.1 - - [28/Aug/2018:10:18:34 +0200] "GET /api/pl/v1/account?_locale=pl&email=b.pawluczuk%40companion.pl&password=qazwsx HTTP/1.1" 200 51
::1 - - [28/Aug/2018:10:18:34 +0200] "POST /api/pl/v1/authenticate HTTP/1.1" 200 89
::1 - - [28/Aug/2018:10:18:41 +0200] "OPTIONS /api/pl/v1/authenticate HTTP/1.1" 200 507
::1 - - [28/Aug/2018:10:20:43 +0200] "OPTIONS /api/pl/v1/authenticate HTTP/1.1" 200 507
::1 - - [28/Aug/2018:10:20:51 +0200] "OPTIONS /api/pl/v1/authenticate HTTP/1.1" 200 507
::1 - - [28/Aug/2018:10:25:59 +0200] "OPTIONS /api/pl/v1/authenticate HTTP/1.1" 200 507
::1 - - [28/Aug/2018:10:32:27 +0200] "POST /api/pl/v1/authenticate HTTP/1.1" 500 40252
::1 - - [28/Aug/2018:10:34:50 +0200] "POST /api/pl/v1/authenticate HTTP/1.1" 500 39951
::1 - - [28/Aug/2018:10:35:41 +0200] "POST /api/pl/v1/authenticate HTTP/1.1" 500 39952
::1 - - [28/Aug/2018:10:36:16 +0200] "POST /api/pl/v1/authenticate HTTP/1.1" 500 39952
::1 - - [28/Aug/2018:10:36:41 +0200] "GET / HTTP/1.1" 500 39952
::1 - - [28/Aug/2018:10:37:01 +0200] "-" 408 -
127.0.0.1 - - [28/Aug/2018:10:40:11 +0200] "GET /api/pl/v1/account?_locale=pl&email=b.pawluczuk%40companion.pl&password=qazwsx HTTP/1.1" 200 51
::1 - - [28/Aug/2018:10:40:11 +0200] "POST /api/pl/v1/authenticate HTTP/1.1" 200 89
::1 - - [28/Aug/2018:10:40:23 +0200] "OPTIONS /api/pl/v1/authenticate HTTP/1.1" 400 32
127.0.0.1 - - [28/Aug/2018:10:41:59 +0200] "GET /api/pl/v1/account?_locale=pl&email=b.pawluczuk%40companion.pl&password=qazwsx HTTP/1.1" 200 51
::1 - - [28/Aug/2018:10:41:57 +0200] "POST /api/pl/v1/authenticate HTTP/1.1" 200 89
::1 - - [28/Aug/2018:10:42:06 +0200] "OPTIONS /api/pl/v1/authenticate HTTP/1.1" 400 32
::1 - - [28/Aug/2018:10:44:21 +0200] "GET /bp/get-hero?access-token=d2a4b8ebe785687b2b02ed9d515be9af HTTP/1.1" 200 75
::1 - - [28/Aug/2018:10:44:26 +0200] "OPTIONS /api/pl/v1/authenticate HTTP/1.1" 400 32
::1 - - [28/Aug/2018:10:45:02 +0200] "OPTIONS /api/pl/v1/authenticate HTTP/1.1" 400 32
::1 - - [28/Aug/2018:10:45:33 +0200] "GET /bp/get-hero?access-token=d2a4b8ebe785687b2b02ed9d515be9af HTTP/1.1" 200 75
::1 - - [28/Aug/2018:10:45:35 +0200] "OPTIONS /api/pl/v1/authenticate HTTP/1.1" 400 32
::1 - - [28/Aug/2018:10:45:38 +0200] "GET /bp/get-hero?access-token=d2a4b8ebe785687b2b02ed9d515be9af HTTP/1.1" 200 75
::1 - - [28/Aug/2018:10:45:39 +0200] "OPTIONS /api/pl/v1/authenticate HTTP/1.1" 400 32
::1 - - [28/Aug/2018:10:46:51 +0200] "GET /bp/get-hero?access-token=d2a4b8ebe785687b2b02ed9d515be9af HTTP/1.1" 200 75
::1 - - [28/Aug/2018:10:47:17 +0200] "GET /bp/get-hero?access-token=d2a4b8ebe785687b2b02ed9d515be9af HTTP/1.1" 200 75
::1 - - [28/Aug/2018:10:47:24 +0200] "OPTIONS /api/pl/v1/authenticate HTTP/1.1" 400 32
127.0.0.1 - - [28/Aug/2018:10:49:38 +0200] "GET /api/pl/v1/account?_locale=pl&email=b.pawluczuk%40companion.pl&password=string HTTP/1.1" 200 51
::1 - - [28/Aug/2018:10:49:38 +0200] "POST /api/pl/v1/authenticate HTTP/1.1" 200 89
::1 - - [28/Aug/2018:10:53:48 +0200] "OPTIONS /api/pl/v1/authenticate HTTP/1.1" 400 32
::1 - - [28/Aug/2018:10:53:53 +0200] "GET /bp/get-hero?access-token=d2a4b8ebe785687b2b02ed9d515be9af HTTP/1.1" 200 75
::1 - - [28/Aug/2018:10:53:55 +0200] "OPTIONS /api/pl/v1/authenticate HTTP/1.1" 400 32
::1 - - [28/Aug/2018:11:08:51 +0200] "GET /bp/get-hero?access-token=d2a4b8ebe785687b2b02ed9d515be9af HTTP/1.1" 200 75
::1 - - [28/Aug/2018:11:14:01 +0200] "GET /bp/get-hero?access-token=d2a4b8ebe785687b2b02ed9d515be9af HTTP/1.1" 200 75
::1 - - [28/Aug/2018:11:14:40 +0200] "GET /bp/get-hero?access-token=d2a4b8ebe785687b2b02ed9d515be9af HTTP/1.1" 200 75
::1 - - [28/Aug/2018:11:16:47 +0200] "GET /bp/get-hero?access-token=d2a4b8ebe785687b2b02ed9d515be9af HTTP/1.1" 200 75
::1 - - [28/Aug/2018:11:17:32 +0200] "GET /bp/get-hero?access-token=d2a4b8ebe785687b2b02ed9d515be9af HTTP/1.1" 200 75
::1 - - [28/Aug/2018:11:17:40 +0200] "OPTIONS /api/pl/v1/authenticate HTTP/1.1" 400 32
::1 - - [28/Aug/2018:11:21:34 +0200] "GET /bp/get-hero?access-token=d2a4b8ebe785687b2b02ed9d515be9af HTTP/1.1" 200 75
::1 - - [28/Aug/2018:11:21:38 +0200] "OPTIONS /api/pl/v1/authenticate HTTP/1.1" 400 32
::1 - - [28/Aug/2018:11:24:48 +0200] "POST /api/pl/v1/authenticate HTTP/1.1" 200 28
::1 - - [28/Aug/2018:11:25:00 +0200] "OPTIONS /api/pl/v1/authenticate HTTP/1.1" 400 32
::1 - - [28/Aug/2018:11:39:57 +0200] "POST /api/pl/v1/authenticate HTTP/1.1" 200 28
::1 - - [28/Aug/2018:11:40:05 +0200] "OPTIONS /api/pl/v1/authenticate HTTP/1.1" 200 -
::1 - - [28/Aug/2018:11:40:05 +0200] "POST /api/pl/v1/authenticate HTTP/1.1" 200 28
127.0.0.1 - - [28/Aug/2018:11:42:42 +0200] "GET /api/pl/v1/account?_locale=pl&email=b.pawluczuk%40companion.pl&password=qazwsx HTTP/1.1" 200 51
::1 - - [28/Aug/2018:11:42:42 +0200] "POST /api/pl/v1/authenticate HTTP/1.1" 200 89
::1 - - [28/Aug/2018:11:43:17 +0200] "GET /bp/get-hero?access-token=d2a4b8ebe785687b2b02ed9d515be9af HTTP/1.1" 200 75
127.0.0.1 - - [28/Aug/2018:11:43:42 +0200] "GET /api/pl/v1/account?_locale=pl&email=b.pawluczuk%40companion.pl&password=qazwsx HTTP/1.1" 200 51
::1 - - [28/Aug/2018:11:43:42 +0200] "POST /api/pl/v1/authenticate HTTP/1.1" 200 89
127.0.0.1 - - [28/Aug/2018:11:43:49 +0200] "GET /api/pl/v1/account?_locale=pl&email=b.pawluczuk%40companion.pl&password=qazwsx HTTP/1.1" 200 51
::1 - - [28/Aug/2018:11:43:49 +0200] "POST /api/pl/v1/authenticate HTTP/1.1" 200 89
127.0.0.1 - - [28/Aug/2018:11:44:12 +0200] "GET /api/pl/v1/account?_locale=pl&email=b.pawluczuk%40companion.pl&password=qazwsx HTTP/1.1" 200 51
::1 - - [28/Aug/2018:11:44:12 +0200] "POST /api/pl/v1/authenticate HTTP/1.1" 200 89
::1 - - [28/Aug/2018:12:38:10 +0200] "GET /api/app/v1/quiz-mission/player-missions?status=active HTTP/1.1" 404 138772
::1 - - [28/Aug/2018:12:38:26 +0200] "OPTIONS * HTTP/1.0" 200 -
::1 - - [28/Aug/2018:12:38:27 +0200] "OPTIONS * HTTP/1.0" 200 -
::1 - - [28/Aug/2018:12:38:28 +0200] "OPTIONS * HTTP/1.0" 200 -
::1 - - [28/Aug/2018:12:38:29 +0200] "OPTIONS * HTTP/1.0" 200 -
::1 - - [28/Aug/2018:12:38:32 +0200] "OPTIONS * HTTP/1.0" 200 -
::1 - - [28/Aug/2018:13:04:00 +0200] "-" 408 -
::1 - - [28/Aug/2018:13:04:04 +0200] "OPTIONS * HTTP/1.0" 200 -
::1 - - [28/Aug/2018:13:15:45 +0200] "-" 408 -
::1 - - [28/Aug/2018:13:16:13 +0200] "-" 408 -
::1 - - [28/Aug/2018:13:21:35 +0200] "-" 408 -
::1 - - [28/Aug/2018:13:23:50 +0200] "-" 408 -
::1 - - [28/Aug/2018:13:29:31 +0200] "-" 408 -
::1 - - [28/Aug/2018:14:12:25 +0200] "-" 408 -
::1 - - [28/Aug/2018:14:14:03 +0200] "-" 408 -
::1 - - [28/Aug/2018:14:20:35 +0200] "-" 408 -
::1 - - [28/Aug/2018:14:24:25 +0200] "-" 408 -
::1 - - [28/Aug/2018:14:31:22 +0200] "-" 408 -
::1 - - [28/Aug/2018:14:31:48 +0200] "-" 408 -
::1 - - [28/Aug/2018:14:35:03 +0200] "-" 408 -
::1 - - [28/Aug/2018:14:36:13 +0200] "-" 408 -
::1 - - [28/Aug/2018:14:37:14 +0200] "-" 408 -
::1 - - [28/Aug/2018:14:45:17 +0200] "-" 408 -
::1 - - [28/Aug/2018:14:52:07 +0200] "-" 408 -
::1 - - [28/Aug/2018:14:54:59 +0200] "-" 408 -
::1 - - [28/Aug/2018:14:55:25 +0200] "-" 408 -
::1 - - [28/Aug/2018:14:57:25 +0200] "-" 408 -
::1 - - [28/Aug/2018:14:57:48 +0200] "-" 408 -
::1 - - [28/Aug/2018:15:07:07 +0200] "-" 408 -
::1 - - [28/Aug/2018:15:11:20 +0200] "-" 408 -
::1 - - [28/Aug/2018:15:14:23 +0200] "-" 408 -
::1 - - [28/Aug/2018:15:15:07 +0200] "-" 408 -
::1 - - [28/Aug/2018:15:16:16 +0200] "-" 408 -
::1 - - [28/Aug/2018:15:20:47 +0200] "-" 408 -
::1 - - [28/Aug/2018:15:22:19 +0200] "-" 408 -
::1 - - [28/Aug/2018:15:23:30 +0200] "-" 408 -
::1 - - [28/Aug/2018:15:26:09 +0200] "-" 408 -
::1 - - [28/Aug/2018:15:26:36 +0200] "-" 408 -
::1 - - [28/Aug/2018:15:27:07 +0200] "-" 408 -
::1 - - [28/Aug/2018:15:29:10 +0200] "-" 408 -
::1 - - [28/Aug/2018:15:29:50 +0200] "-" 408 -
::1 - - [28/Aug/2018:15:30:11 +0200] "-" 408 -
::1 - - [28/Aug/2018:15:30:40 +0200] "-" 408 -
::1 - - [28/Aug/2018:15:31:01 +0200] "-" 408 -
::1 - - [28/Aug/2018:15:31:35 +0200] "-" 408 -
::1 - - [28/Aug/2018:15:32:21 +0200] "-" 408 -
::1 - - [28/Aug/2018:15:33:05 +0200] "-" 408 -
::1 - - [28/Aug/2018:15:33:57 +0200] "-" 408 -
::1 - - [28/Aug/2018:15:34:43 +0200] "-" 408 -
::1 - - [28/Aug/2018:15:35:17 +0200] "-" 408 -
::1 - - [28/Aug/2018:15:36:12 +0200] "-" 408 -
::1 - - [28/Aug/2018:15:37:01 +0200] "-" 408 -
::1 - - [28/Aug/2018:15:39:14 +0200] "-" 408 -
::1 - - [28/Aug/2018:15:40:07 +0200] "-" 408 -
::1 - - [28/Aug/2018:15:41:04 +0200] "-" 408 -
::1 - - [28/Aug/2018:15:45:25 +0200] "-" 408 -
::1 - - [28/Aug/2018:15:46:10 +0200] "-" 408 -
::1 - - [28/Aug/2018:15:47:27 +0200] "GET /api/app/v1/quiz-mission/player-missions?status=active HTTP/1.1" 404 138772
::1 - - [28/Aug/2018:15:47:52 +0200] "OPTIONS * HTTP/1.0" 200 -
::1 - - [28/Aug/2018:15:48:32 +0200] "OPTIONS * HTTP/1.0" 200 -
::1 - - [28/Aug/2018:15:48:39 +0200] "OPTIONS * HTTP/1.0" 200 -
::1 - - [28/Aug/2018:15:48:48 +0200] "GET /api/app/v1/quiz-mission/player-missions?status=active HTTP/1.1" 404 138772
::1 - - [28/Aug/2018:15:49:12 +0200] "OPTIONS * HTTP/1.0" 200 -
::1 - - [28/Aug/2018:15:49:21 +0200] "OPTIONS * HTTP/1.0" 200 -
::1 - - [28/Aug/2018:16:00:34 +0200] "OPTIONS * HTTP/1.0" 200 -
::1 - - [28/Aug/2018:16:00:40 +0200] "OPTIONS * HTTP/1.0" 200 -
::1 - - [28/Aug/2018:16:08:03 +0200] "OPTIONS * HTTP/1.0" 200 -
::1 - - [28/Aug/2018:16:08:04 +0200] "OPTIONS * HTTP/1.0" 200 -
::1 - - [28/Aug/2018:16:11:33 +0200] "OPTIONS * HTTP/1.0" 200 -
::1 - - [28/Aug/2018:16:11:43 +0200] "OPTIONS * HTTP/1.0" 200 -
::1 - - [28/Aug/2018:16:13:37 +0200] "OPTIONS * HTTP/1.0" 200 -
::1 - - [28/Aug/2018:16:18:12 +0200] "-" 408 -
::1 - - [28/Aug/2018:16:19:10 +0200] "OPTIONS * HTTP/1.0" 200 -
::1 - - [28/Aug/2018:16:26:24 +0200] "OPTIONS * HTTP/1.0" 200 -
::1 - - [28/Aug/2018:16:26:40 +0200] "OPTIONS * HTTP/1.0" 200 -
::1 - - [28/Aug/2018:16:27:16 +0200] "-" 408 -
::1 - - [28/Aug/2018:16:51:00 +0200] "OPTIONS * HTTP/1.0" 200 -
127.0.0.1 - - [28/Aug/2018:17:38:49 +0200] "GET /api/pl/v1/account?_locale=pl&email=b.pawluczuk2%40companion.pl&password=qazwsx HTTP/1.1" 404 70
::1 - - [28/Aug/2018:17:38:49 +0200] "POST /api/pl/v1/authenticate HTTP/1.1" 404 64
::1 - - [28/Aug/2018:17:39:13 +0200] "OPTIONS /api/pl/v1/authenticate HTTP/1.1" 200 -
127.0.0.1 - - [28/Aug/2018:17:39:13 +0200] "GET /api/pl/v1/account?_locale=pl&email=b.pawluczuk%40companion.pl2&password=qazwsx HTTP/1.1" 404 70
::1 - - [28/Aug/2018:17:39:13 +0200] "POST /api/pl/v1/authenticate HTTP/1.1" 404 64
::1 - - [28/Aug/2018:17:49:33 +0200] "OPTIONS /api/pl/v1/authenticate HTTP/1.1" 200 -
127.0.0.1 - - [28/Aug/2018:17:49:33 +0200] "GET /api/pl/v1/account?_locale=pl&email=b.pawluczuk%40companion.pl2&password=qazwsx HTTP/1.1" 404 70
::1 - - [28/Aug/2018:17:49:33 +0200] "POST /api/pl/v1/authenticate HTTP/1.1" 500 80772
127.0.0.1 - - [28/Aug/2018:17:50:51 +0200] "GET /api/pl/v1/account?_locale=pl&email=b.pawluczuk%40companion.pl2&password=qazwsx HTTP/1.1" 404 70
::1 - - [28/Aug/2018:17:50:51 +0200] "POST /api/pl/v1/authenticate HTTP/1.1" 400 77
::1 - - [28/Aug/2018:18:14:15 +0200] "OPTIONS /api/pl/v1/authenticate HTTP/1.1" 200 -
127.0.0.1 - - [28/Aug/2018:18:14:15 +0200] "GET /api/pl/v1/account?_locale=pl&email=b.pawluczuk%40companion.pl2&password=qazwsx HTTP/1.1" 404 70
::1 - - [28/Aug/2018:18:14:15 +0200] "POST /api/pl/v1/authenticate HTTP/1.1" 400 71
::1 - - [28/Aug/2018:18:14:26 +0200] "GET /bp/get-hero?access-token=d2a4b8ebe785687b2b02ed9d515be9af HTTP/1.1" 200 75
127.0.0.1 - - [28/Aug/2018:18:14:28 +0200] "GET /api/pl/v1/account?_locale=pl&email=b.pawluczuk%40companion.pl&password=qazwsx HTTP/1.1" 200 51
::1 - - [28/Aug/2018:18:14:28 +0200] "POST /api/pl/v1/authenticate HTTP/1.1" 200 89
::1 - - [28/Aug/2018:18:18:30 +0200] "GET /bp/get-hero?access-token=d2a4b8ebe785687b2b02ed9d515be9af HTTP/1.1" 200 75
::1 - - [28/Aug/2018:18:18:36 +0200] "GET /bp/get-hero?access-token=d2a4b8ebe785687b2b02ed9d515be9af HTTP/1.1" 200 75
127.0.0.1 - - [28/Aug/2018:18:18:37 +0200] "GET /api/pl/v1/account?_locale=pl&email=b.pawluczuk%40companion.pl&password=qazwsx HTTP/1.1" 200 51
::1 - - [28/Aug/2018:18:18:37 +0200] "POST /api/pl/v1/authenticate HTTP/1.1" 200 89
::1 - - [28/Aug/2018:18:19:20 +0200] "GET /bp/get-hero?access-token=d2a4b8ebe785687b2b02ed9d515be9af HTTP/1.1" 200 75
127.0.0.1 - - [28/Aug/2018:18:19:23 +0200] "GET /api/pl/v1/account?_locale=pl&email=b.pawluczuk%40companion.pl&password=qazwsx HTTP/1.1" 200 51
::1 - - [28/Aug/2018:18:19:22 +0200] "POST /api/pl/v1/authenticate HTTP/1.1" 200 89
::1 - - [28/Aug/2018:18:27:28 +0200] "GET /bp/get-hero?access-token=d2a4b8ebe785687b2b02ed9d515be9af HTTP/1.1" 200 75
::1 - - [28/Aug/2018:18:28:31 +0200] "GET /bp/get-hero?access-token=d2a4b8ebe785687b2b02ed9d515be9af HTTP/1.1" 200 75
::1 - - [28/Aug/2018:18:28:36 +0200] "OPTIONS /api/pl/v1/authenticate HTTP/1.1" 200 -
127.0.0.1 - - [28/Aug/2018:18:28:36 +0200] "GET /api/pl/v1/account?_locale=pl&email=b.pawluczuk%40companion.pl&password=qazwsx HTTP/1.1" 200 51
::1 - - [28/Aug/2018:18:28:36 +0200] "POST /api/pl/v1/authenticate HTTP/1.1" 200 89
::1 - - [28/Aug/2018:18:29:55 +0200] "GET /bp/get-hero?access-token=d2a4b8ebe785687b2b02ed9d515be9af HTTP/1.1" 200 75
127.0.0.1 - - [28/Aug/2018:18:29:57 +0200] "GET /api/pl/v1/account?_locale=pl&email=b.pawluczuk%40companion.pl&password=qazwsx HTTP/1.1" 200 51
::1 - - [28/Aug/2018:18:29:57 +0200] "POST /api/pl/v1/authenticate HTTP/1.1" 200 89
::1 - - [28/Aug/2018:18:31:59 +0200] "GET /bp/get-hero?access-token=d2a4b8ebe785687b2b02ed9d515be9af HTTP/1.1" 200 75
::1 - - [28/Aug/2018:18:34:13 +0200] "GET /bp/get-hero?access-token=d2a4b8ebe785687b2b02ed9d515be9af HTTP/1.1" 200 75
::1 - - [28/Aug/2018:18:34:18 +0200] "GET /bp/get-hero?access-token=d2a4b8ebe785687b2b02ed9d515be9af HTTP/1.1" 200 75
127.0.0.1 - - [28/Aug/2018:18:34:31 +0200] "GET /api/pl/v1/account?_locale=pl&email=b.pawluczuk%40companion.pl&password=qazwsx HTTP/1.1" 200 51
::1 - - [28/Aug/2018:18:34:31 +0200] "POST /api/pl/v1/authenticate HTTP/1.1" 200 89
127.0.0.1 - - [28/Aug/2018:18:34:34 +0200] "GET /api/pl/v1/account?_locale=pl&email=b.pawluczuk%40companion.pl&password=qazwsx HTTP/1.1" 200 51
::1 - - [28/Aug/2018:18:34:34 +0200] "POST /api/pl/v1/authenticate HTTP/1.1" 200 89
::1 - - [28/Aug/2018:18:37:42 +0200] "GET /bp/get-hero?access-token=d2a4b8ebe785687b2b02ed9d515be9af HTTP/1.1" 200 75
::1 - - [28/Aug/2018:18:38:45 +0200] "GET /bp/get-hero?access-token=d2a4b8ebe785687b2b02ed9d515be9af HTTP/1.1" 200 75
::1 - - [28/Aug/2018:18:39:34 +0200] "OPTIONS /api/pl/v1/authenticate HTTP/1.1" 200 -
127.0.0.1 - - [28/Aug/2018:18:39:34 +0200] "GET /api/pl/v1/account?_locale=pl&email=b.pawluczuk%40companion.pl&password=qazwsx HTTP/1.1" 200 51
::1 - - [28/Aug/2018:18:39:34 +0200] "POST /api/pl/v1/authenticate HTTP/1.1" 200 89
127.0.0.1 - - [28/Aug/2018:18:43:17 +0200] "GET /api/pl/v1/account?_locale=pl&email=b.pawluczuk%40companion.pl&password=qazwsx HTTP/1.1" 200 51
::1 - - [28/Aug/2018:18:43:17 +0200] "POST /api/pl/v1/authenticate HTTP/1.1" 200 96
127.0.0.1 - - [28/Aug/2018:18:47:37 +0200] "GET /api/pl/v1/account?_locale=pl&email=b.pawluczuk2%40companion.pl&password=qazwsx HTTP/1.1" 404 70
::1 - - [28/Aug/2018:18:47:37 +0200] "POST /api/pl/v1/authenticate HTTP/1.1" 400 71
127.0.0.1 - - [28/Aug/2018:18:47:46 +0200] "GET /api/pl/v1/account?_locale=pl&email=b.pawluczuk%40companion.pl&password=qazwsx HTTP/1.1" 200 51
::1 - - [28/Aug/2018:18:47:46 +0200] "POST /api/pl/v1/authenticate HTTP/1.1" 500 76105
127.0.0.1 - - [28/Aug/2018:18:49:29 +0200] "GET /api/pl/v1/account?_locale=pl&email=b.pawluczuk%40companion.pl&password=qazwsx HTTP/1.1" 200 51
::1 - - [28/Aug/2018:18:49:29 +0200] "POST /api/pl/v1/authenticate HTTP/1.1" 200 101
::1 - - [28/Aug/2018:18:50:05 +0200] "OPTIONS /api/pl/v1/authenticate HTTP/1.1" 200 -
127.0.0.1 - - [28/Aug/2018:18:50:05 +0200] "GET /api/pl/v1/account?_locale=pl&email=b.pawluczuk%40companion.pl&password=qazwsx HTTP/1.1" 200 51
::1 - - [28/Aug/2018:18:50:05 +0200] "POST /api/pl/v1/authenticate HTTP/1.1" 200 101
::1 - - [29/Aug/2018:11:41:13 +0200] "GET /api/app/v1/quiz-mission/player-missions?status=active HTTP/1.1" 404 138772
::1 - - [29/Aug/2018:11:41:41 +0200] "GET /api/app/v1/quiz-mission/player-missions?status=active HTTP/1.1" 404 138772
::1 - - [29/Aug/2018:11:42:12 +0200] "OPTIONS * HTTP/1.0" 200 -
::1 - - [29/Aug/2018:11:42:13 +0200] "OPTIONS * HTTP/1.0" 200 -
::1 - - [29/Aug/2018:11:42:14 +0200] "OPTIONS * HTTP/1.0" 200 -
::1 - - [29/Aug/2018:11:42:15 +0200] "OPTIONS * HTTP/1.0" 200 -
::1 - - [29/Aug/2018:11:42:58 +0200] "OPTIONS * HTTP/1.0" 200 -
::1 - - [29/Aug/2018:12:08:40 +0200] "OPTIONS * HTTP/1.0" 200 -
::1 - - [29/Aug/2018:12:09:30 +0200] "OPTIONS * HTTP/1.0" 200 -
::1 - - [29/Aug/2018:12:09:31 +0200] "OPTIONS * HTTP/1.0" 200 -
::1 - - [29/Aug/2018:12:10:30 +0200] "OPTIONS * HTTP/1.0" 200 -
::1 - - [29/Aug/2018:12:10:47 +0200] "OPTIONS * HTTP/1.0" 200 -
::1 - - [29/Aug/2018:12:14:02 +0200] "OPTIONS * HTTP/1.0" 200 -
::1 - - [29/Aug/2018:12:16:38 +0200] "GET /api/app/v1/quiz-mission/player-missions?status=active HTTP/1.1" 404 138772
::1 - - [29/Aug/2018:12:17:01 +0200] "OPTIONS * HTTP/1.0" 200 -
::1 - - [29/Aug/2018:12:17:02 +0200] "OPTIONS * HTTP/1.0" 200 -
::1 - - [29/Aug/2018:12:17:04 +0200] "GET /api/app/v1/quiz-mission/player-missions?status=active HTTP/1.1" 404 138772
::1 - - [29/Aug/2018:12:17:09 +0200] "GET /api/app/v1/quiz-mission/player-missions?status=active HTTP/1.1" 404 138772
::1 - - [29/Aug/2018:12:17:28 +0200] "GET /api/app/v1/quiz-mission/player-missions?status=active HTTP/1.1" 404 138772
::1 - - [29/Aug/2018:12:17:32 +0200] "GET /api/app/v1/quiz-mission/player-missions?status=active HTTP/1.1" 404 138772
::1 - - [29/Aug/2018:12:18:02 +0200] "GET /api/app/v1/quiz-mission/player-missions?status=active HTTP/1.1" 404 138772
::1 - - [29/Aug/2018:12:18:03 +0200] "OPTIONS * HTTP/1.0" 200 -
::1 - - [29/Aug/2018:12:18:36 +0200] "OPTIONS * HTTP/1.0" 200 -
::1 - - [29/Aug/2018:12:18:37 +0200] "OPTIONS * HTTP/1.0" 200 -
::1 - - [29/Aug/2018:12:18:42 +0200] "OPTIONS * HTTP/1.0" 200 -
::1 - - [29/Aug/2018:12:18:43 +0200] "OPTIONS * HTTP/1.0" 200 -
::1 - - [29/Aug/2018:12:43:46 +0200] "OPTIONS * HTTP/1.0" 200 -
::1 - - [29/Aug/2018:13:29:28 +0200] "OPTIONS * HTTP/1.0" 200 -
::1 - - [29/Aug/2018:13:31:14 +0200] "GET /api/app/v1/quiz-mission/player-missions?status=active HTTP/1.1" 404 138772
::1 - - [29/Aug/2018:13:31:30 +0200] "GET /api/app/v1/quiz-mission/player-missions?status=active HTTP/1.1" 404 138772
::1 - - [29/Aug/2018:13:31:34 +0200] "GET /api/app/v1/quiz-mission/player-missions?status=active HTTP/1.1" 404 138772
::1 - - [29/Aug/2018:13:32:06 +0200] "OPTIONS * HTTP/1.0" 200 -
::1 - - [29/Aug/2018:13:32:13 +0200] "OPTIONS * HTTP/1.0" 200 -
::1 - - [29/Aug/2018:13:32:14 +0200] "OPTIONS * HTTP/1.0" 200 -
::1 - - [29/Aug/2018:13:35:43 +0200] "GET /api/app/v1/quiz-mission/player-missions?status=active HTTP/1.1" 404 138772
::1 - - [29/Aug/2018:13:36:55 +0200] "OPTIONS * HTTP/1.0" 200 -
::1 - - [29/Aug/2018:13:49:29 +0200] "GET /api/app/v1/quiz-mission/player-missions?status=active HTTP/1.1" 404 138772
::1 - - [29/Aug/2018:13:50:54 +0200] "OPTIONS * HTTP/1.0" 200 -
::1 - - [29/Aug/2018:13:54:15 +0200] "OPTIONS * HTTP/1.0" 200 -
::1 - - [29/Aug/2018:13:58:24 +0200] "GET /api/app/v1/quiz-mission/player-missions?status=active HTTP/1.1" 404 138772
::1 - - [29/Aug/2018:13:59:13 +0200] "OPTIONS * HTTP/1.0" 200 -
::1 - - [29/Aug/2018:13:59:14 +0200] "OPTIONS * HTTP/1.0" 200 -
::1 - - [29/Aug/2018:13:59:15 +0200] "OPTIONS * HTTP/1.0" 200 -
::1 - - [29/Aug/2018:14:01:37 +0200] "OPTIONS * HTTP/1.0" 200 -
::1 - - [29/Aug/2018:14:03:04 +0200] "OPTIONS * HTTP/1.0" 200 -
::1 - - [29/Aug/2018:14:09:38 +0200] "OPTIONS * HTTP/1.0" 200 -
::1 - - [29/Aug/2018:14:16:10 +0200] "OPTIONS * HTTP/1.0" 200 -
::1 - - [29/Aug/2018:14:17:20 +0200] "OPTIONS * HTTP/1.0" 200 -
::1 - - [29/Aug/2018:14:25:27 +0200] "OPTIONS * HTTP/1.0" 200 -
::1 - - [29/Aug/2018:14:44:17 +0200] "OPTIONS * HTTP/1.0" 200 -
::1 - - [29/Aug/2018:14:45:03 +0200] "OPTIONS * HTTP/1.0" 200 -
::1 - - [29/Aug/2018:14:45:43 +0200] "OPTIONS * HTTP/1.0" 200 -
::1 - - [29/Aug/2018:15:17:08 +0200] "-" 408 -
::1 - - [29/Aug/2018:15:23:22 +0200] "OPTIONS * HTTP/1.0" 200 -
::1 - - [29/Aug/2018:15:42:35 +0200] "OPTIONS * HTTP/1.0" 200 -
::1 - - [29/Aug/2018:15:43:21 +0200] "OPTIONS * HTTP/1.0" 200 -
::1 - - [29/Aug/2018:16:04:11 +0200] "GET /api/app/v1/quiz-mission/player-missions?status=active HTTP/1.1" 404 138772
::1 - - [29/Aug/2018:16:04:46 +0200] "OPTIONS * HTTP/1.0" 200 -
::1 - - [29/Aug/2018:16:04:47 +0200] "OPTIONS * HTTP/1.0" 200 -
::1 - - [29/Aug/2018:16:09:24 +0200] "OPTIONS * HTTP/1.0" 200 -
::1 - - [29/Aug/2018:16:21:40 +0200] "OPTIONS * HTTP/1.0" 200 -
::1 - - [29/Aug/2018:16:21:47 +0200] "OPTIONS * HTTP/1.0" 200 -
::1 - - [29/Aug/2018:16:22:11 +0200] "GET /api/app/v1/quiz-mission/player-missions?status=active HTTP/1.1" 404 138772
::1 - - [29/Aug/2018:16:22:40 +0200] "OPTIONS * HTTP/1.0" 200 -
::1 - - [29/Aug/2018:16:22:46 +0200] "OPTIONS * HTTP/1.0" 200 -
::1 - - [29/Aug/2018:16:27:20 +0200] "OPTIONS * HTTP/1.0" 200 -
::1 - - [29/Aug/2018:16:29:07 +0200] "OPTIONS * HTTP/1.0" 200 -
::1 - - [29/Aug/2018:16:29:11 +0200] "GET /api/app/v1/quiz-mission/player-missions?status=active HTTP/1.1" 404 138772
::1 - - [29/Aug/2018:16:29:47 +0200] "OPTIONS * HTTP/1.0" 200 -
::1 - - [29/Aug/2018:16:29:49 +0200] "OPTIONS * HTTP/1.0" 200 -
::1 - - [29/Aug/2018:18:25:12 +0200] "GET /bp/get-hero?access-token=d2a4b8ebe785687b2b02ed9d515be9af HTTP/1.1" 403 87
::1 - - [29/Aug/2018:18:25:47 +0200] "GET /bp/get-hero?access-token=d2a4b8ebe785687b2b02ed9d515be9af HTTP/1.1" 403 87
::1 - - [29/Aug/2018:18:27:03 +0200] "GET /bp/get-hero?access-token=d2a4b8ebe785687b2b02ed9d515be9af HTTP/1.1" 403 87
::1 - - [29/Aug/2018:18:30:48 +0200] "GET /bp/get-hero?access-token=d2a4b8ebe785687b2b02ed9d515be9af HTTP/1.1" 403 87
::1 - - [29/Aug/2018:18:31:10 +0200] "GET /bp/get-hero?access-token=d2a4b8ebe785687b2b02ed9d515be9af HTTP/1.1" 403 87
::1 - - [29/Aug/2018:18:31:22 +0200] "OPTIONS /api/pl/v1/authenticate HTTP/1.1" 200 -
127.0.0.1 - - [29/Aug/2018:18:31:22 +0200] "GET /api/pl/v1/account?_locale=pl&email=b.pawluczuk%40companion.pl&password=qazwsx HTTP/1.1" 200 51
